Resolving dependencies...
Downloading packages...
  _fe_analyzer_shared 103.0.0 (109.0.0 available)
  analyzer 13.3.0 (14.5.0 available)
  archive 4.0.9 (4.3.0 available)
  cross_file 0.3.5+5 (0.4.0 available)
  flutter_onnxruntime 1.8.5 (1.9.0 available)
  jni_flutter 1.0.3 (1.0.4+1 available)
  material_color_utilities 0.13.0 (0.13.1 available)
  package_config 2.2.0 (3.0.0 available)
  pdf 3.12.0 (3.13.1 available)
  qr 3.0.2 (4.0.0 available)
  sqlite3 3.6.0 (3.7.0 available)
  test 1.31.1 (1.32.0 available)
  test_api 0.7.12 (0.7.14 available)
  test_core 0.6.18 (0.6.20 available)
  unorm_dart 0.3.1 (0.3.3 available)
  url_launcher 6.3.2 (6.3.3 available)
  uuid 4.5.3 (4.6.0 available)
  vector_math 2.4.0 (2.4.3 available)
  webdriver 3.1.0 (3.2.0 available)
  xml 6.6.1 (7.1.0 available)
  yaml 3.1.3 (3.1.4 available)
Got dependencies!
21 packages have newer versions incompatible with dependency constraints.
Try `flutter pub outdated` for more information.
